============== DAILY SYSTEM HEALTH REPORT ======================
Host:        localhost
IP Address:  192.168.0.74
Date:        2025-11-05 08:20:16
================================================================

--- UPTIME / USERS ---
 08:20:21 up 1 day, 16:51,  4 users,  load average: 0.08, 0.05, 0.01
ansbl-user pts/0        2025-11-05 08:20 (192.168.0.186)
dev-user3 seat0        2025-11-03 15:29
dev-user3 tty1         2025-11-03 15:29

--- MEMORY USAGE ---
               total        used        free      shared  buff/cache   available
Mem:           1.9Gi       453Mi       1.1Gi       5.0Mi       555Mi       1.5Gi
Swap:          1.9Gi          0B       1.9Gi

--- DISK USAGE ---
Filesystem               Size  Used Avail Use% Mounted on
/dev/mapper/fedora-root   15G  2.6G   13G  18% /
devtmpfs                 957M     0  957M   0% /dev
tmpfs                    978M     0  978M   0% /dev/shm
tmpfs                    391M 1008K  390M   1% /run
tmpfs                    1.0M     0  1.0M   0% /run/credentials/systemd-journald.service
tmpfs                    978M  124K  978M   1% /tmp
/dev/sda2                2.0G  443M  1.6G  23% /boot
tmpfs                    1.0M     0  1.0M   0% /run/credentials/systemd-resolved.service
tmpfs                    1.0M     0  1.0M   0% /run/credentials/getty@tty1.service
tmpfs                    196M  4.0K  196M   1% /run/user/1000
tmpfs                    196M  4.0K  196M   1% /run/user/1001

--- FAILED SERVICES ---
  UNIT LOAD ACTIVE SUB DESCRIPTION

0 loaded units listed.

--- CRITICAL LOGS (journalctl -p 3) ---
-- No entries --

--- PENDING UPDATES ---
No pending updates

--- RECENT FAILED SSH LOGINS ---
-- No entries --
