============== DAILY SYSTEM HEALTH REPORT ======================
Host:        file-server
IP Address:  192.168.0.121
Date:        2025-11-05 15:20:15
================================================================

--- UPTIME / USERS ---
 15:20:20 up 5 days, 19:34,  1 user,  load average: 0.00, 0.02, 0.00
ansbl-user pts/0        2025-11-05 15:20 (192.168.0.186)
ansbl-user pts/1        2025-11-05 15:20 (192.168.0.186)

--- MEMORY USAGE ---
               total        used        free      shared  buff/cache   available
Mem:           1.9Gi       442Mi       268Mi       4.3Mi       1.4Gi       1.5Gi
Swap:          2.0Gi          0B       2.0Gi

--- DISK USAGE ---
Filesystem                         Size  Used Avail Use% Mounted on
tmpfs                              197M  4.4M  193M   3% /run
/dev/mapper/ubuntu--vg-ubuntu--lv  160G   51G  102G  34% /
tmpfs                              984M     0  984M   0% /dev/shm
tmpfs                              5.0M     0  5.0M   0% /run/lock
/dev/sda2                          2.0G  197M  1.6G  11% /boot
overlay                            160G   51G  102G  34% /var/lib/docker/overlay2/e614a99ec6331bed8ad8b8a600b71be8a11c5b9f6beeafd6dfbca997bcbaafa5/merged
tmpfs                              197M   12K  197M   1% /run/user/1001

--- FAILED SERVICES ---
  UNIT LOAD ACTIVE SUB DESCRIPTION

0 loaded units listed.

--- CRITICAL LOGS (journalctl -p 3) ---
-- No entries --

--- PENDING UPDATES ---
No pending updates

--- RECENT FAILED SSH LOGINS ---
-- No entries --
