============== DAILY SYSTEM HEALTH REPORT ======================
Host:        ubred
IP Address:  192.168.0.107
Date:        2025-11-05 15:20:13
================================================================

--- UPTIME / USERS ---
 15:20:20 up 5 days, 19:35,  1 user,  load average: 0.00, 0.01, 0.00
ansbl-user pts/0        2025-11-05 15:20 (192.168.0.186)
ansbl-user pts/1        2025-11-05 15:20 (192.168.0.186)

--- MEMORY USAGE ---
               total        used        free      shared  buff/cache   available
Mem:           961Mi       339Mi       194Mi       3.6Mi       583Mi       621Mi
Swap:          2.0Gi       8.6Mi       2.0Gi

--- DISK USAGE ---
Filesystem                         Size  Used Avail Use% Mounted on
tmpfs                               97M  4.1M   93M   5% /run
/dev/mapper/ubuntu--vg-ubuntu--lv   30G  5.6G   23G  20% /
tmpfs                              481M     0  481M   0% /dev/shm
tmpfs                              5.0M     0  5.0M   0% /run/lock
/dev/sda2                          2.0G  197M  1.6G  11% /boot
tmpfs                               97M   12K   97M   1% /run/user/1001

--- FAILED SERVICES ---
  UNIT LOAD ACTIVE SUB DESCRIPTION

0 loaded units listed.

--- CRITICAL LOGS (journalctl -p 3) ---
Oct 30 19:45:37 ubred sshd[924]: error: ioctl(TIOCSCTTY): Input/output error
Oct 30 19:45:37 ubred sshd[924]: error: /dev/pts/0: No such file or directory
Oct 30 19:45:37 ubred sshd[924]: error: open /dev/tty failed - could not set controlling tty: No such device or address

--- PENDING UPDATES ---
No pending updates

--- RECENT FAILED SSH LOGINS ---
-- No entries --
============== DAILY SYSTEM HEALTH REPORT ======================
Host:        ubred2
IP Address:  192.168.0.108
Date:        2025-11-05 15:20:15
================================================================

--- UPTIME / USERS ---
 15:20:20 up 5 days, 19:33,  1 user,  load average: 0.00, 0.03, 0.00
ansbl-user pts/0        2025-11-05 15:20 (192.168.0.186)
ansbl-user pts/1        2025-11-05 15:20 (192.168.0.186)

--- MEMORY USAGE ---
               total        used        free      shared  buff/cache   available
Mem:           961Mi       332Mi       225Mi       988Ki       556Mi       628Mi
Swap:          2.0Gi       268Ki       2.0Gi

--- DISK USAGE ---
Filesystem                         Size  Used Avail Use% Mounted on
tmpfs                               97M  988K   96M   2% /run
/dev/mapper/ubuntu--vg-ubuntu--lv   30G  5.5G   23G  20% /
tmpfs                              481M     0  481M   0% /dev/shm
tmpfs                              5.0M     0  5.0M   0% /run/lock
/dev/sda2                          2.0G  197M  1.6G  11% /boot
tmpfs                               97M   12K   97M   1% /run/user/1001

--- FAILED SERVICES ---
  UNIT LOAD ACTIVE SUB DESCRIPTION

0 loaded units listed.

--- CRITICAL LOGS (journalctl -p 3) ---
-- No entries --

--- PENDING UPDATES ---
No pending updates

--- RECENT FAILED SSH LOGINS ---
-- No entries --
============== DAILY SYSTEM HEALTH REPORT ======================
Host:        sys-monitor
IP Address:  192.168.0.11
Date:        2025-11-05 08:20:15
================================================================

--- UPTIME / USERS ---
 08:20:20 up 5 days, 19:32,  1 user,  load average: 0.15, 0.12, 0.08
ansbl-user sshd         2025-11-05 08:20 (192.168.0.186)

--- MEMORY USAGE ---
               total        used        free      shared  buff/cache   available
Mem:           1.9Gi       1.0Gi       206Mi       704Ki       873Mi       929Mi
Swap:          1.6Gi       9.3Mi       1.6Gi

--- DISK USAGE ---
Filesystem                         Size  Used Avail Use% Mounted on
udev                               959M     0  959M   0% /dev
tmpfs                              198M  1.5M  196M   1% /run
/dev/mapper/sys--monitor--vg-root   29G  6.5G   21G  24% /
tmpfs                              987M     0  987M   0% /dev/shm
tmpfs                              5.0M     0  5.0M   0% /run/lock
tmpfs                              1.0M     0  1.0M   0% /run/credentials/systemd-journald.service
tmpfs                              987M  124K  987M   1% /tmp
/dev/sda1                          943M  136M  743M  16% /boot
tmpfs                              1.0M     0  1.0M   0% /run/credentials/getty@tty1.service
tmpfs                              2.0G   12K  2.0G   1% /var/lib/kubelet/pods/e03662cf-02f2-499f-925b-7cb02bc8d1ef/volumes/kubernetes.io~projected/kube-api-access-v5xjv
tmpfs                              2.0G   12K  2.0G   1% /var/lib/kubelet/pods/68c47689-718c-4e4a-af5b-c13a1e417a8b/volumes/kubernetes.io~projected/kube-api-access-9jncp
tmpfs                              2.0G   12K  2.0G   1% /var/lib/kubelet/pods/e203b927-4e33-4d2c-b379-3dfb08ab596d/volumes/kubernetes.io~projected/kube-api-access-xljjd
tmpfs                              170M   12K  170M   1% /var/lib/kubelet/pods/e0406fc9-0679-4c2e-910f-b0cb4241b990/volumes/kubernetes.io~projected/kube-api-access-nzjkn
shm                                 64M     0   64M   0% /run/k3s/containerd/io.containerd.grpc.v1.cri/sandboxes/f53f070a39d385ad7d6adad9ebb035ed176ce069c54160f7e6d0daac52df0d15/shm
overlay                             29G  6.5G   21G  24% /run/k3s/containerd/io.containerd.runtime.v2.task/k8s.io/f53f070a39d385ad7d6adad9ebb035ed176ce069c54160f7e6d0daac52df0d15/rootfs
shm                                 64M     0   64M   0% /run/k3s/containerd/io.containerd.grpc.v1.cri/sandboxes/be6a33d30602ca8b4894ed92462dd10ec84e2ce24b6be718e709f04dc78021ce/shm
overlay                             29G  6.5G   21G  24% /run/k3s/containerd/io.containerd.runtime.v2.task/k8s.io/be6a33d30602ca8b4894ed92462dd10ec84e2ce24b6be718e709f04dc78021ce/rootfs
shm                                 64M     0   64M   0% /run/k3s/containerd/io.containerd.grpc.v1.cri/sandboxes/0a3ad301af6fb7de275d9d379d41057c2a9ce8c6f8792cf340af995aca01fe84/shm
shm                                 64M     0   64M   0% /run/k3s/containerd/io.containerd.grpc.v1.cri/sandboxes/2cf3778fdddf83876259c4c028cdb0a5f4bd9b3ec82a61bff06fc0e88c50e917/shm
shm                                 64M     0   64M   0% /run/k3s/containerd/io.containerd.grpc.v1.cri/sandboxes/5ac7674e5c72c5b84231d2efd15a5bf2dd08eded50ce50b45ccc43c2cfa91918/shm
overlay                             29G  6.5G   21G  24% /run/k3s/containerd/io.containerd.runtime.v2.task/k8s.io/5ac7674e5c72c5b84231d2efd15a5bf2dd08eded50ce50b45ccc43c2cfa91918/rootfs
overlay                             29G  6.5G   21G  24% /run/k3s/containerd/io.containerd.runtime.v2.task/k8s.io/0a3ad301af6fb7de275d9d379d41057c2a9ce8c6f8792cf340af995aca01fe84/rootfs
overlay                             29G  6.5G   21G  24% /run/k3s/containerd/io.containerd.runtime.v2.task/k8s.io/2cf3778fdddf83876259c4c028cdb0a5f4bd9b3ec82a61bff06fc0e88c50e917/rootfs
overlay                             29G  6.5G   21G  24% /run/k3s/containerd/io.containerd.runtime.v2.task/k8s.io/a666411d5814cd463375a615c7ab3d780084b37e1c690389692baf93ade82030/rootfs
overlay                             29G  6.5G   21G  24% /run/k3s/containerd/io.containerd.runtime.v2.task/k8s.io/e62f5bf263cf7470313aaff0568231a29b6e5ee78e5d92bb1fb073b4b81e12a0/rootfs
overlay                             29G  6.5G   21G  24% /run/k3s/containerd/io.containerd.runtime.v2.task/k8s.io/a4550705e7f39cf975fc4282e12350e8bdd5f41ae9e8d2958689a0ac92665686/rootfs
overlay                             29G  6.5G   21G  24% /run/k3s/containerd/io.containerd.runtime.v2.task/k8s.io/bb0a4ecc70fc09a96de595cd2eca59ef00ba086bf59fe9827a9c96b7f05529f6/rootfs
overlay                             29G  6.5G   21G  24% /run/k3s/containerd/io.containerd.runtime.v2.task/k8s.io/4319b11a5712e0a7b8cf57809253f9516b481bf5d62a02819ad5ab77bf7bab00/rootfs
overlay                             29G  6.5G   21G  24% /run/k3s/containerd/io.containerd.runtime.v2.task/k8s.io/610168b4cbf5dc341ec56e2a5e9b5b26faa6d18dbf6ad3824b088ece1ef54ee4/rootfs
tmpfs                              198M  8.0K  198M   1% /run/user/1001

--- FAILED SERVICES ---
  UNIT LOAD ACTIVE SUB DESCRIPTION

0 loaded units listed.

--- CRITICAL LOGS (journalctl -p 3) ---
-- No entries --

--- PENDING UPDATES ---
No pending updates

--- RECENT FAILED SSH LOGINS ---
-- No entries --
============== DAILY SYSTEM HEALTH REPORT ======================
Host:        mtg-webserver
IP Address:  192.168.0.120
Date:        2025-11-05 15:20:12
================================================================

--- UPTIME / USERS ---
 15:20:20 up 5 days, 19:36,  1 user,  load average: 0.08, 0.05, 0.03
ansbl-user pts/0        2025-11-05 15:20 (192.168.0.186)
ansbl-user pts/1        2025-11-05 15:20 (192.168.0.186)

--- MEMORY USAGE ---
               total        used        free      shared  buff/cache   available
Mem:           1.9Gi       481Mi       319Mi       3.6Mi       1.3Gi       1.5Gi
Swap:          2.0Gi        12Ki       2.0Gi

--- DISK USAGE ---
Filesystem                         Size  Used Avail Use% Mounted on
tmpfs                              197M  1.1M  196M   1% /run
/dev/mapper/ubuntu--vg-ubuntu--lv   30G  6.6G   22G  24% /
tmpfs                              984M     0  984M   0% /dev/shm
tmpfs                              5.0M     0  5.0M   0% /run/lock
/dev/sda2                          2.0G  197M  1.6G  11% /boot
overlay                             30G  6.6G   22G  24% /var/lib/docker/overlay2/be0ebd126ecf0eb04e972dd0cb61daecc71e07c0dcd8c1ac4e89aa92122b36db/merged
tmpfs                              197M   12K  197M   1% /run/user/1001

--- FAILED SERVICES ---
  UNIT LOAD ACTIVE SUB DESCRIPTION

0 loaded units listed.

--- CRITICAL LOGS (journalctl -p 3) ---
-- No entries --

--- PENDING UPDATES ---
No pending updates

--- RECENT FAILED SSH LOGINS ---
-- No entries --
============== DAILY SYSTEM HEALTH REPORT ======================
Host:        file-server
IP Address:  192.168.0.121
Date:        2025-11-05 15:20:15
================================================================

--- UPTIME / USERS ---
 15:20:20 up 5 days, 19:34,  1 user,  load average: 0.00, 0.02, 0.00
ansbl-user pts/0        2025-11-05 15:20 (192.168.0.186)
ansbl-user pts/1        2025-11-05 15:20 (192.168.0.186)

--- MEMORY USAGE ---
               total        used        free      shared  buff/cache   available
Mem:           1.9Gi       442Mi       268Mi       4.3Mi       1.4Gi       1.5Gi
Swap:          2.0Gi          0B       2.0Gi

--- DISK USAGE ---
Filesystem                         Size  Used Avail Use% Mounted on
tmpfs                              197M  4.4M  193M   3% /run
/dev/mapper/ubuntu--vg-ubuntu--lv  160G   51G  102G  34% /
tmpfs                              984M     0  984M   0% /dev/shm
tmpfs                              5.0M     0  5.0M   0% /run/lock
/dev/sda2                          2.0G  197M  1.6G  11% /boot
overlay                            160G   51G  102G  34% /var/lib/docker/overlay2/e614a99ec6331bed8ad8b8a600b71be8a11c5b9f6beeafd6dfbca997bcbaafa5/merged
tmpfs                              197M   12K  197M   1% /run/user/1001

--- FAILED SERVICES ---
  UNIT LOAD ACTIVE SUB DESCRIPTION

0 loaded units listed.

--- CRITICAL LOGS (journalctl -p 3) ---
-- No entries --

--- PENDING UPDATES ---
No pending updates

--- RECENT FAILED SSH LOGINS ---
-- No entries --
============== DAILY SYSTEM HEALTH REPORT ======================
Host:        db-svr02
IP Address:  192.168.0.12
Date:        2025-11-05 08:20:16
================================================================

--- UPTIME / USERS ---
 08:20:21 up 5 days, 19:31,  1 user,  load average: 0.08, 0.03, 0.01
ansbl-user sshd         2025-11-05 08:20 (192.168.0.186)

--- MEMORY USAGE ---
               total        used        free      shared  buff/cache   available
Mem:           1.9Gi       889Mi       362Mi       732Ki       869Mi       1.1Gi
Swap:          1.6Gi          0B       1.6Gi

--- DISK USAGE ---
Filesystem                      Size  Used Avail Use% Mounted on
udev                            959M     0  959M   0% /dev
tmpfs                           198M  600K  197M   1% /run
/dev/mapper/db--svr02--vg-root   29G  3.8G   24G  14% /
tmpfs                           987M     0  987M   0% /dev/shm
tmpfs                           5.0M     0  5.0M   0% /run/lock
tmpfs                           1.0M     0  1.0M   0% /run/credentials/systemd-journald.service
tmpfs                           987M  124K  987M   1% /tmp
/dev/sda1                       943M  136M  743M  16% /boot
overlay                          29G  3.8G   24G  14% /var/lib/docker/overlay2/d4c7d611b4afece1e06d4a760198aa27691eb942d29abe1527c1cc212a7431d7/merged
tmpfs                           1.0M     0  1.0M   0% /run/credentials/getty@tty1.service
tmpfs                           198M  8.0K  198M   1% /run/user/1001

--- FAILED SERVICES ---
  UNIT LOAD ACTIVE SUB DESCRIPTION

0 loaded units listed.

--- CRITICAL LOGS (journalctl -p 3) ---
-- No entries --

--- PENDING UPDATES ---
No pending updates

--- RECENT FAILED SSH LOGINS ---
-- No entries --
============== DAILY SYSTEM HEALTH REPORT ======================
Host:        debRed
IP Address:  192.168.0.132
Date:        2025-11-05 08:20:13
================================================================

--- UPTIME / USERS ---
 08:20:20 up 5 days, 19:36,  2 users,  load average: 0.10, 0.05, 0.00
ansbl-user sshd         2025-11-05 08:20 (192.168.0.186)
dred-user seat0        2025-11-04 15:24
dred-user tty1         2025-11-04 15:24

--- MEMORY USAGE ---
               total        used        free      shared  buff/cache   available
Mem:           967Mi       359Mi       225Mi       632Ki       535Mi       607Mi
Swap:          1.6Gi        12Ki       1.6Gi

--- DISK USAGE ---
Filesystem                   Size  Used Avail Use% Mounted on
udev                         456M     0  456M   0% /dev
tmpfs                         97M  516K   97M   1% /run
/dev/mapper/debRed--vg-root   29G  2.0G   26G   8% /
tmpfs                        484M     0  484M   0% /dev/shm
tmpfs                        1.0M     0  1.0M   0% /run/credentials/systemd-journald.service
tmpfs                        5.0M     0  5.0M   0% /run/lock
tmpfs                        484M  124K  484M   1% /tmp
/dev/sda1                    943M  197M  681M  23% /boot
tmpfs                        1.0M     0  1.0M   0% /run/credentials/getty@tty1.service
tmpfs                         97M  8.0K   97M   1% /run/user/1000
tmpfs                         97M  8.0K   97M   1% /run/user/1001

--- FAILED SERVICES ---
  UNIT            LOAD   ACTIVE SUB    DESCRIPTION
● apache2.service loaded failed failed The Apache HTTP Server

Legend: LOAD   → Reflects whether the unit definition was properly loaded.
        ACTIVE → The high-level unit activation state, i.e. generalization of SUB.
        SUB    → The low-level unit activation state, values depend on unit type.

1 loaded units listed.

--- CRITICAL LOGS (journalctl -p 3) ---
Oct 30 13:43:44 debRed systemd[1]: Failed to start apache2.service - The Apache HTTP Server.
░░ Subject: A start job for unit apache2.service has failed
░░ Defined-By: systemd
░░ Support: https://www.debian.org/support
░░ 
░░ A start job for unit apache2.service has finished with a failure.
░░ 
░░ The job identifier is 114 and the job result is failed.

--- PENDING UPDATES ---
No pending updates

--- RECENT FAILED SSH LOGINS ---
-- No entries --
============== DAILY SYSTEM HEALTH REPORT ======================
Host:        cloudcity-01
IP Address:  192.168.0.137
Date:        2025-11-05 15:20:13
================================================================

--- UPTIME / USERS ---
 15:20:20 up 5 days, 19:35,  1 user,  load average: 0.15, 0.06, 0.01
ansbl-user pts/0        2025-11-05 15:20 (192.168.0.186)
ansbl-user pts/1        2025-11-05 15:20 (192.168.0.186)

--- MEMORY USAGE ---
               total        used        free      shared  buff/cache   available
Mem:           961Mi       390Mi       104Mi       580Ki       622Mi       570Mi
Swap:          2.0Gi        91Mi       1.9Gi

--- DISK USAGE ---
Filesystem                         Size  Used Avail Use% Mounted on
tmpfs                               97M  1.3M   95M   2% /run
/dev/mapper/ubuntu--vg-ubuntu--lv   30G  8.0G   20G  29% /
tmpfs                              481M     0  481M   0% /dev/shm
tmpfs                              5.0M     0  5.0M   0% /run/lock
/dev/sda2                          2.0G  197M  1.6G  11% /boot
overlay                             30G  8.0G   20G  29% /var/lib/docker/overlay2/3cf9eece112c472d2a5860c865d455ab3340f782f27936ac8789884a2843ba39/merged
overlay                             30G  8.0G   20G  29% /var/lib/docker/overlay2/36b4e0f76c2179a89c74cbcb01252e814c2b8a97b3b5f3845b9877cc4c6688ea/merged
tmpfs                               97M   12K   97M   1% /run/user/1001

--- FAILED SERVICES ---
  UNIT LOAD ACTIVE SUB DESCRIPTION

0 loaded units listed.

--- CRITICAL LOGS (journalctl -p 3) ---
-- No entries --

--- PENDING UPDATES ---
No pending updates

--- RECENT FAILED SSH LOGINS ---
-- No entries --
============== DAILY SYSTEM HEALTH REPORT ======================
Host:        mandalore
IP Address:  192.168.0.168
Date:        2025-11-05 15:20:15
================================================================

--- UPTIME / USERS ---
 15:20:20 up 5 days, 19:32,  1 user,  load average: 0.26, 0.31, 0.22
ansbl-user pts/0        2025-11-05 15:20 (192.168.0.186)
ansbl-user pts/1        2025-11-05 15:20 (192.168.0.186)

--- MEMORY USAGE ---
               total        used        free      shared  buff/cache   available
Mem:           2.9Gi       1.5Gi       127Mi       2.9Mi       1.5Gi       1.4Gi
Swap:             0B          0B          0B

--- DISK USAGE ---
Filesystem                         Size  Used Avail Use% Mounted on
tmpfs                              298M  2.9M  295M   1% /run
/dev/mapper/ubuntu--vg-ubuntu--lv   61G   22G   37G  38% /
tmpfs                              1.5G     0  1.5G   0% /dev/shm
tmpfs                              5.0M     0  5.0M   0% /run/lock
/dev/sda2                          2.0G  197M  1.6G  11% /boot
overlay                             61G   22G   37G  38% /var/lib/docker/overlay2/809f0e159ce301d6e6e539d571cc5a22068deea63e986782b04def58c92e621c/merged
overlay                             61G   22G   37G  38% /var/lib/docker/overlay2/b71fc52275f7809108b0a18150b696b19819e5f7bf56a738f5e9e7b504e7950f/merged
overlay                             61G   22G   37G  38% /var/lib/docker/overlay2/45eb7ecd64f6342ad568243b4b279eebfb524eba8dc1b28e275278615ccf0e82/merged
overlay                             61G   22G   37G  38% /var/lib/docker/overlay2/e405127cda721a6861d07b83b1b4815870ac081dd1220d7b701c6814cba8b8a1/merged
shm                                 64M     0   64M   0% /run/containerd/io.containerd.grpc.v1.cri/sandboxes/a100dde41df83afb54573534445a8957c481f04bbdd466bddff41cab057b9feb/shm
overlay                             61G   22G   37G  38% /run/containerd/io.containerd.runtime.v2.task/k8s.io/a100dde41df83afb54573534445a8957c481f04bbdd466bddff41cab057b9feb/rootfs
shm                                 64M     0   64M   0% /run/containerd/io.containerd.grpc.v1.cri/sandboxes/ae6d50f531fbcc1e1b68933f8904eed9501f3be38509a58634ca83ef99bb495f/shm
shm                                 64M     0   64M   0% /run/containerd/io.containerd.grpc.v1.cri/sandboxes/05b01945a0c1b8d9ff074b2a4f495fba690a90b8481b734b00f899e239e094ee/shm
shm                                 64M     0   64M   0% /run/containerd/io.containerd.grpc.v1.cri/sandboxes/9b91f2f1cd2619a52175b944db30fc4f1c0d48ca0e6aa9078b4c1b7b0f54cef6/shm
overlay                             61G   22G   37G  38% /run/containerd/io.containerd.runtime.v2.task/k8s.io/ae6d50f531fbcc1e1b68933f8904eed9501f3be38509a58634ca83ef99bb495f/rootfs
overlay                             61G   22G   37G  38% /run/containerd/io.containerd.runtime.v2.task/k8s.io/05b01945a0c1b8d9ff074b2a4f495fba690a90b8481b734b00f899e239e094ee/rootfs
overlay                             61G   22G   37G  38% /run/containerd/io.containerd.runtime.v2.task/k8s.io/9b91f2f1cd2619a52175b944db30fc4f1c0d48ca0e6aa9078b4c1b7b0f54cef6/rootfs
overlay                             61G   22G   37G  38% /run/containerd/io.containerd.runtime.v2.task/k8s.io/4f90c728bff620aeccbb4a5dcca76282d70b2c6e9766af06400a076dbed1dc0a/rootfs
overlay                             61G   22G   37G  38% /run/containerd/io.containerd.runtime.v2.task/k8s.io/0ff5055c8c7a18621231e9fff4ff36b3a60e47bf13934bed989f43d94653bc25/rootfs
overlay                             61G   22G   37G  38% /run/containerd/io.containerd.runtime.v2.task/k8s.io/00afec71e6d8b52915e328bc1e8aecabe217d4eee9d9345a1cf1ee8dcc2be4c9/rootfs
overlay                             61G   22G   37G  38% /run/containerd/io.containerd.runtime.v2.task/k8s.io/d3751a1aa538ba324da51e313c507951760be034dc4109940d11770eaf283e52/rootfs
tmpfs                              2.9G  4.0K  2.9G   1% /var/lib/kubelet/pods/73ad770e-6336-4c68-917c-5b64d31f77a6/volumes/kubernetes.io~secret/memberlist
tmpfs                              170M   12K  170M   1% /var/lib/kubelet/pods/2e0c2f71-972f-42af-bdad-641bf2990a5b/volumes/kubernetes.io~projected/kube-api-access-7c785
tmpfs                              2.9G   12K  2.9G   1% /var/lib/kubelet/pods/68cc7347-2854-479c-86fc-69a8a7739f6e/volumes/kubernetes.io~projected/kube-api-access-jqjfn
tmpfs                              2.9G   12K  2.9G   1% /var/lib/kubelet/pods/d8bc43ff-72c6-404f-8f58-e1418c6261c3/volumes/kubernetes.io~projected/kube-api-access-c7bd4
tmpfs                              170M   12K  170M   1% /var/lib/kubelet/pods/5c3c459a-39c8-485d-a169-57ae20fcac00/volumes/kubernetes.io~projected/kube-api-access-rvgrq
tmpfs                              2.9G   12K  2.9G   1% /var/lib/kubelet/pods/73ad770e-6336-4c68-917c-5b64d31f77a6/volumes/kubernetes.io~projected/kube-api-access-245c9
shm                                 64M     0   64M   0% /run/containerd/io.containerd.grpc.v1.cri/sandboxes/12ba2dac49b291cd8383075580e375713dffa6369f265aab47bac7b08e0da9b1/shm
overlay                             61G   22G   37G  38% /run/containerd/io.containerd.runtime.v2.task/k8s.io/12ba2dac49b291cd8383075580e375713dffa6369f265aab47bac7b08e0da9b1/rootfs
shm                                 64M     0   64M   0% /run/containerd/io.containerd.grpc.v1.cri/sandboxes/23336ff4099bf005567a33bbc57cf026847f56d30eafb2fc69cbfe06939a45d6/shm
overlay                             61G   22G   37G  38% /run/containerd/io.containerd.runtime.v2.task/k8s.io/23336ff4099bf005567a33bbc57cf026847f56d30eafb2fc69cbfe06939a45d6/rootfs
shm                                 64M     0   64M   0% /run/containerd/io.containerd.grpc.v1.cri/sandboxes/d738f26dd3455493cf6bf52c38265e43d334f972b040ea5611d3fc515f4f7ab2/shm
overlay                             61G   22G   37G  38% /run/containerd/io.containerd.runtime.v2.task/k8s.io/d738f26dd3455493cf6bf52c38265e43d334f972b040ea5611d3fc515f4f7ab2/rootfs
overlay                             61G   22G   37G  38% /run/containerd/io.containerd.runtime.v2.task/k8s.io/fd5606da242b812d9f6217137164063c83a8df7b4f3cc9bebbc4414d4ba4cb62/rootfs
overlay                             61G   22G   37G  38% /run/containerd/io.containerd.runtime.v2.task/k8s.io/378bb84151ea4cf5528c91abf9831d3ed9784ca38ddd07fcef2a8beb429c6d5e/rootfs
shm                                 64M     0   64M   0% /run/containerd/io.containerd.grpc.v1.cri/sandboxes/1bf2bec638890b92881b997e068763c90e9ca417da2462a66aeeb3748dffa553/shm
overlay                             61G   22G   37G  38% /run/containerd/io.containerd.runtime.v2.task/k8s.io/1bf2bec638890b92881b997e068763c90e9ca417da2462a66aeeb3748dffa553/rootfs
overlay                             61G   22G   37G  38% /run/containerd/io.containerd.runtime.v2.task/k8s.io/b4309e6f2387c129fed794d4e49aafcf640dd1b501946b68fafa7e35dcd8e08d/rootfs
shm                                 64M     0   64M   0% /run/containerd/io.containerd.grpc.v1.cri/sandboxes/08fc867429cb8aa8b2d35144c4b1edd4e8f4ce9dd3a610d661f252c4b36a1d74/shm
overlay                             61G   22G   37G  38% /run/containerd/io.containerd.runtime.v2.task/k8s.io/08fc867429cb8aa8b2d35144c4b1edd4e8f4ce9dd3a610d661f252c4b36a1d74/rootfs
overlay                             61G   22G   37G  38% /run/containerd/io.containerd.runtime.v2.task/k8s.io/86f1a3dedbe5896d0af71e796e472284c441cfb6e6fc232a3f985922bc8ea456/rootfs
overlay                             61G   22G   37G  38% /run/containerd/io.containerd.runtime.v2.task/k8s.io/50878e9b33bf6472afbe06c8ec0eae5f4d28c551b2341f8ceb90acdd54f3c024/rootfs
tmpfs                              298M   12K  298M   1% /run/user/1001

--- FAILED SERVICES ---
  UNIT LOAD ACTIVE SUB DESCRIPTION

0 loaded units listed.

--- CRITICAL LOGS (journalctl -p 3) ---
-- No entries --

--- PENDING UPDATES ---
No pending updates

--- RECENT FAILED SSH LOGINS ---
-- No entries --
============== DAILY SYSTEM HEALTH REPORT ======================
Host:        db-svr01
IP Address:  192.168.0.172
Date:        2025-11-05 08:20:15
================================================================

--- UPTIME / USERS ---
 08:20:20 up 5 days, 19:31,  1 user,  load average: 0.05, 0.06, 0.02
ansbl-user sshd         2025-11-05 08:20 (192.168.0.186)

--- MEMORY USAGE ---
               total        used        free      shared  buff/cache   available
Mem:           1.9Gi       862Mi       382Mi       732Ki       877Mi       1.1Gi
Swap:          1.6Gi          0B       1.6Gi

--- DISK USAGE ---
Filesystem                      Size  Used Avail Use% Mounted on
udev                            959M     0  959M   0% /dev
tmpfs                           198M  600K  197M   1% /run
/dev/mapper/db--svr01--vg-root   29G  5.3G   23G  20% /
tmpfs                           987M     0  987M   0% /dev/shm
tmpfs                           1.0M     0  1.0M   0% /run/credentials/systemd-journald.service
tmpfs                           5.0M     0  5.0M   0% /run/lock
tmpfs                           987M  124K  987M   1% /tmp
/dev/sda1                       943M  136M  743M  16% /boot
tmpfs                           1.0M     0  1.0M   0% /run/credentials/getty@tty1.service
overlay                          29G  5.3G   23G  20% /var/lib/docker/overlay2/d96cdd9269b6f953d1c33685c9983a7bd2eb71362669f93f0e1de334208b8f10/merged
tmpfs                           198M  8.0K  198M   1% /run/user/1001

--- FAILED SERVICES ---
  UNIT LOAD ACTIVE SUB DESCRIPTION

0 loaded units listed.

--- CRITICAL LOGS (journalctl -p 3) ---
-- No entries --

--- PENDING UPDATES ---
No pending updates

--- RECENT FAILED SSH LOGINS ---
-- No entries --
============== DAILY SYSTEM HEALTH REPORT ======================
Host:        dev-svr02
IP Address:  192.168.0.184
Date:        2025-11-05 15:20:17
================================================================

--- UPTIME / USERS ---
 15:20:21 up 4 days, 22:59,  1 user,  load average: 0.00, 0.01, 0.00
ansbl-user pts/0        2025-11-05 15:20 (192.168.0.186)
ansbl-user pts/1        2025-11-05 15:20 (192.168.0.186)

--- MEMORY USAGE ---
               total        used        free      shared  buff/cache   available
Mem:           3.8Gi       429Mi       2.9Gi       1.0Mi       740Mi       3.4Gi
Swap:          3.8Gi          0B       3.8Gi

--- DISK USAGE ---
Filesystem                         Size  Used Avail Use% Mounted on
tmpfs                              392M  992K  391M   1% /run
/dev/mapper/ubuntu--vg-ubuntu--lv   30G  6.5G   22G  24% /
tmpfs                              2.0G     0  2.0G   0% /dev/shm
tmpfs                              5.0M     0  5.0M   0% /run/lock
/dev/sda2                          2.0G  102M  1.7G   6% /boot
tmpfs                              392M   12K  392M   1% /run/user/1001

--- FAILED SERVICES ---
  UNIT LOAD ACTIVE SUB DESCRIPTION

0 loaded units listed.

--- CRITICAL LOGS (journalctl -p 3) ---
-- No entries --

--- PENDING UPDATES ---
No pending updates

--- RECENT FAILED SSH LOGINS ---
-- No entries --
============== DAILY SYSTEM HEALTH REPORT ======================
Host:        shire
IP Address:  192.168.0.195
Date:        2025-11-05 08:20:13
================================================================

--- UPTIME / USERS ---
 08:20:20 up 5 days, 19:34,  1 user,  load average: 0.00, 0.03, 0.02
ansbl-user pts/0        2025-11-05 08:20 (192.168.0.186)
ansbl-user pts/1        2025-11-05 08:20 (192.168.0.186)

--- MEMORY USAGE ---
               total        used        free      shared  buff/cache   available
Mem:           3.8Gi       967Mi       1.6Gi       3.6Mi       1.5Gi       2.9Gi
Swap:             0B          0B          0B

--- DISK USAGE ---
Filesystem                         Size  Used Avail Use% Mounted on
tmpfs                              392M  1.2M  391M   1% /run
/dev/mapper/ubuntu--vg-ubuntu--lv   61G   14G   44G  24% /
tmpfs                              2.0G     0  2.0G   0% /dev/shm
tmpfs                              5.0M     0  5.0M   0% /run/lock
/dev/sda2                          2.0G  197M  1.6G  11% /boot
overlay                             61G   14G   44G  24% /var/lib/docker/overlay2/e2768225e09e23462f296d5f686c62dbcda4acb41b619c487476f0ae87db7f4d/merged
tmpfs                              392M   12K  392M   1% /run/user/1001

--- FAILED SERVICES ---
  UNIT LOAD ACTIVE SUB DESCRIPTION

0 loaded units listed.

--- CRITICAL LOGS (journalctl -p 3) ---
Oct 31 08:59:20 shire login[8771]: PAM unable to dlopen(pam_lastlog.so): /usr/lib/security/pam_lastlog.so: cannot open shared object file: No such file or directory
Oct 31 08:59:20 shire login[8771]: PAM adding faulty module: pam_lastlog.so
Oct 31 09:24:39 shire login[8996]: PAM unable to dlopen(pam_lastlog.so): /usr/lib/security/pam_lastlog.so: cannot open shared object file: No such file or directory
Oct 31 09:24:39 shire login[8996]: PAM adding faulty module: pam_lastlog.so

--- PENDING UPDATES ---
No pending updates

--- RECENT FAILED SSH LOGINS ---
-- No entries --
============== DAILY SYSTEM HEALTH REPORT ======================
Host:        localhost
IP Address:  192.168.0.74
Date:        2025-11-05 08:20:16
================================================================

--- UPTIME / USERS ---
 08:20:21 up 1 day, 16:51,  4 users,  load average: 0.08, 0.05, 0.01
ansbl-user pts/0        2025-11-05 08:20 (192.168.0.186)
dev-user3 seat0        2025-11-03 15:29
dev-user3 tty1         2025-11-03 15:29

--- MEMORY USAGE ---
               total        used        free      shared  buff/cache   available
Mem:           1.9Gi       453Mi       1.1Gi       5.0Mi       555Mi       1.5Gi
Swap:          1.9Gi          0B       1.9Gi

--- DISK USAGE ---
Filesystem               Size  Used Avail Use% Mounted on
/dev/mapper/fedora-root   15G  2.6G   13G  18% /
devtmpfs                 957M     0  957M   0% /dev
tmpfs                    978M     0  978M   0% /dev/shm
tmpfs                    391M 1008K  390M   1% /run
tmpfs                    1.0M     0  1.0M   0% /run/credentials/systemd-journald.service
tmpfs                    978M  124K  978M   1% /tmp
/dev/sda2                2.0G  443M  1.6G  23% /boot
tmpfs                    1.0M     0  1.0M   0% /run/credentials/systemd-resolved.service
tmpfs                    1.0M     0  1.0M   0% /run/credentials/getty@tty1.service
tmpfs                    196M  4.0K  196M   1% /run/user/1000
tmpfs                    196M  4.0K  196M   1% /run/user/1001

--- FAILED SERVICES ---
  UNIT LOAD ACTIVE SUB DESCRIPTION

0 loaded units listed.

--- CRITICAL LOGS (journalctl -p 3) ---
-- No entries --

--- PENDING UPDATES ---
No pending updates

--- RECENT FAILED SSH LOGINS ---
-- No entries --
============== DAILY SYSTEM HEALTH REPORT ======================
Host:        dev-svr
IP Address:  192.168.0.8
Date:        2025-11-05 08:20:16
================================================================

--- UPTIME / USERS ---
 08:20:21 up 5 days, 5 min,  2 users,  load average: 0.02, 0.04, 0.01
ansbl-user sshd         2025-11-05 08:20 (192.168.0.186)
dev-user seat0        2025-10-31 09:14
dev-user tty1         2025-10-31 09:14

--- MEMORY USAGE ---
               total        used        free      shared  buff/cache   available
Mem:           967Mi       332Mi       248Mi       636Ki       527Mi       634Mi
Swap:          1.6Gi          0B       1.6Gi

--- DISK USAGE ---
Filesystem                     Size  Used Avail Use% Mounted on
udev                           456M     0  456M   0% /dev
tmpfs                           97M  512K   97M   1% /run
/dev/mapper/dev--svr--vg-root   29G  3.0G   25G  11% /
tmpfs                          484M     0  484M   0% /dev/shm
tmpfs                          5.0M     0  5.0M   0% /run/lock
tmpfs                          1.0M     0  1.0M   0% /run/credentials/systemd-journald.service
tmpfs                          484M  124K  484M   1% /tmp
/dev/sda1                      943M  136M  743M  16% /boot
tmpfs                          1.0M     0  1.0M   0% /run/credentials/getty@tty1.service
tmpfs                           97M  8.0K   97M   1% /run/user/1000
tmpfs                           97M  8.0K   97M   1% /run/user/1001

--- FAILED SERVICES ---
  UNIT LOAD ACTIVE SUB DESCRIPTION

0 loaded units listed.

--- CRITICAL LOGS (journalctl -p 3) ---
-- No entries --

--- PENDING UPDATES ---
No pending updates

--- RECENT FAILED SSH LOGINS ---
-- No entries --
