============== DAILY SYSTEM HEALTH REPORT ======================
Host:        ubred
IP Address:  192.168.0.107
Date:        2025-11-05 15:20:13
================================================================

--- UPTIME / USERS ---
 15:20:20 up 5 days, 19:35,  1 user,  load average: 0.00, 0.01, 0.00
ansbl-user pts/0        2025-11-05 15:20 (192.168.0.186)
ansbl-user pts/1        2025-11-05 15:20 (192.168.0.186)

--- MEMORY USAGE ---
               total        used        free      shared  buff/cache   available
Mem:           961Mi       339Mi       194Mi       3.6Mi       583Mi       621Mi
Swap:          2.0Gi       8.6Mi       2.0Gi

--- DISK USAGE ---
Filesystem                         Size  Used Avail Use% Mounted on
tmpfs                               97M  4.1M   93M   5% /run
/dev/mapper/ubuntu--vg-ubuntu--lv   30G  5.6G   23G  20% /
tmpfs                              481M     0  481M   0% /dev/shm
tmpfs                              5.0M     0  5.0M   0% /run/lock
/dev/sda2                          2.0G  197M  1.6G  11% /boot
tmpfs                               97M   12K   97M   1% /run/user/1001

--- FAILED SERVICES ---
  UNIT LOAD ACTIVE SUB DESCRIPTION

0 loaded units listed.

--- CRITICAL LOGS (journalctl -p 3) ---
Oct 30 19:45:37 ubred sshd[924]: error: ioctl(TIOCSCTTY): Input/output error
Oct 30 19:45:37 ubred sshd[924]: error: /dev/pts/0: No such file or directory
Oct 30 19:45:37 ubred sshd[924]: error: open /dev/tty failed - could not set controlling tty: No such device or address

--- PENDING UPDATES ---
No pending updates

--- RECENT FAILED SSH LOGINS ---
-- No entries --
