============== DAILY SYSTEM HEALTH REPORT ======================
Host:        dev-svr
IP Address:  192.168.0.8
Date:        2025-11-05 08:20:16
================================================================

--- UPTIME / USERS ---
 08:20:21 up 5 days, 5 min,  2 users,  load average: 0.02, 0.04, 0.01
ansbl-user sshd         2025-11-05 08:20 (192.168.0.186)
dev-user seat0        2025-10-31 09:14
dev-user tty1         2025-10-31 09:14

--- MEMORY USAGE ---
               total        used        free      shared  buff/cache   available
Mem:           967Mi       332Mi       248Mi       636Ki       527Mi       634Mi
Swap:          1.6Gi          0B       1.6Gi

--- DISK USAGE ---
Filesystem                     Size  Used Avail Use% Mounted on
udev                           456M     0  456M   0% /dev
tmpfs                           97M  512K   97M   1% /run
/dev/mapper/dev--svr--vg-root   29G  3.0G   25G  11% /
tmpfs                          484M     0  484M   0% /dev/shm
tmpfs                          5.0M     0  5.0M   0% /run/lock
tmpfs                          1.0M     0  1.0M   0% /run/credentials/systemd-journald.service
tmpfs                          484M  124K  484M   1% /tmp
/dev/sda1                      943M  136M  743M  16% /boot
tmpfs                          1.0M     0  1.0M   0% /run/credentials/getty@tty1.service
tmpfs                           97M  8.0K   97M   1% /run/user/1000
tmpfs                           97M  8.0K   97M   1% /run/user/1001

--- FAILED SERVICES ---
  UNIT LOAD ACTIVE SUB DESCRIPTION

0 loaded units listed.

--- CRITICAL LOGS (journalctl -p 3) ---
-- No entries --

--- PENDING UPDATES ---
No pending updates

--- RECENT FAILED SSH LOGINS ---
-- No entries --
