============== DAILY SYSTEM HEALTH REPORT ======================
Host:        mandalore
IP Address:  192.168.0.168
Date:        2025-11-05 15:20:15
================================================================

--- UPTIME / USERS ---
 15:20:20 up 5 days, 19:32,  1 user,  load average: 0.26, 0.31, 0.22
ansbl-user pts/0        2025-11-05 15:20 (192.168.0.186)
ansbl-user pts/1        2025-11-05 15:20 (192.168.0.186)

--- MEMORY USAGE ---
               total        used        free      shared  buff/cache   available
Mem:           2.9Gi       1.5Gi       127Mi       2.9Mi       1.5Gi       1.4Gi
Swap:             0B          0B          0B

--- DISK USAGE ---
Filesystem                         Size  Used Avail Use% Mounted on
tmpfs                              298M  2.9M  295M   1% /run
/dev/mapper/ubuntu--vg-ubuntu--lv   61G   22G   37G  38% /
tmpfs                              1.5G     0  1.5G   0% /dev/shm
tmpfs                              5.0M     0  5.0M   0% /run/lock
/dev/sda2                          2.0G  197M  1.6G  11% /boot
overlay                             61G   22G   37G  38% /var/lib/docker/overlay2/809f0e159ce301d6e6e539d571cc5a22068deea63e986782b04def58c92e621c/merged
overlay                             61G   22G   37G  38% /var/lib/docker/overlay2/b71fc52275f7809108b0a18150b696b19819e5f7bf56a738f5e9e7b504e7950f/merged
overlay                             61G   22G   37G  38% /var/lib/docker/overlay2/45eb7ecd64f6342ad568243b4b279eebfb524eba8dc1b28e275278615ccf0e82/merged
overlay                             61G   22G   37G  38% /var/lib/docker/overlay2/e405127cda721a6861d07b83b1b4815870ac081dd1220d7b701c6814cba8b8a1/merged
shm                                 64M     0   64M   0% /run/containerd/io.containerd.grpc.v1.cri/sandboxes/a100dde41df83afb54573534445a8957c481f04bbdd466bddff41cab057b9feb/shm
overlay                             61G   22G   37G  38% /run/containerd/io.containerd.runtime.v2.task/k8s.io/a100dde41df83afb54573534445a8957c481f04bbdd466bddff41cab057b9feb/rootfs
shm                                 64M     0   64M   0% /run/containerd/io.containerd.grpc.v1.cri/sandboxes/ae6d50f531fbcc1e1b68933f8904eed9501f3be38509a58634ca83ef99bb495f/shm
shm                                 64M     0   64M   0% /run/containerd/io.containerd.grpc.v1.cri/sandboxes/05b01945a0c1b8d9ff074b2a4f495fba690a90b8481b734b00f899e239e094ee/shm
shm                                 64M     0   64M   0% /run/containerd/io.containerd.grpc.v1.cri/sandboxes/9b91f2f1cd2619a52175b944db30fc4f1c0d48ca0e6aa9078b4c1b7b0f54cef6/shm
overlay                             61G   22G   37G  38% /run/containerd/io.containerd.runtime.v2.task/k8s.io/ae6d50f531fbcc1e1b68933f8904eed9501f3be38509a58634ca83ef99bb495f/rootfs
overlay                             61G   22G   37G  38% /run/containerd/io.containerd.runtime.v2.task/k8s.io/05b01945a0c1b8d9ff074b2a4f495fba690a90b8481b734b00f899e239e094ee/rootfs
overlay                             61G   22G   37G  38% /run/containerd/io.containerd.runtime.v2.task/k8s.io/9b91f2f1cd2619a52175b944db30fc4f1c0d48ca0e6aa9078b4c1b7b0f54cef6/rootfs
overlay                             61G   22G   37G  38% /run/containerd/io.containerd.runtime.v2.task/k8s.io/4f90c728bff620aeccbb4a5dcca76282d70b2c6e9766af06400a076dbed1dc0a/rootfs
overlay                             61G   22G   37G  38% /run/containerd/io.containerd.runtime.v2.task/k8s.io/0ff5055c8c7a18621231e9fff4ff36b3a60e47bf13934bed989f43d94653bc25/rootfs
overlay                             61G   22G   37G  38% /run/containerd/io.containerd.runtime.v2.task/k8s.io/00afec71e6d8b52915e328bc1e8aecabe217d4eee9d9345a1cf1ee8dcc2be4c9/rootfs
overlay                             61G   22G   37G  38% /run/containerd/io.containerd.runtime.v2.task/k8s.io/d3751a1aa538ba324da51e313c507951760be034dc4109940d11770eaf283e52/rootfs
tmpfs                              2.9G  4.0K  2.9G   1% /var/lib/kubelet/pods/73ad770e-6336-4c68-917c-5b64d31f77a6/volumes/kubernetes.io~secret/memberlist
tmpfs                              170M   12K  170M   1% /var/lib/kubelet/pods/2e0c2f71-972f-42af-bdad-641bf2990a5b/volumes/kubernetes.io~projected/kube-api-access-7c785
tmpfs                              2.9G   12K  2.9G   1% /var/lib/kubelet/pods/68cc7347-2854-479c-86fc-69a8a7739f6e/volumes/kubernetes.io~projected/kube-api-access-jqjfn
tmpfs                              2.9G   12K  2.9G   1% /var/lib/kubelet/pods/d8bc43ff-72c6-404f-8f58-e1418c6261c3/volumes/kubernetes.io~projected/kube-api-access-c7bd4
tmpfs                              170M   12K  170M   1% /var/lib/kubelet/pods/5c3c459a-39c8-485d-a169-57ae20fcac00/volumes/kubernetes.io~projected/kube-api-access-rvgrq
tmpfs                              2.9G   12K  2.9G   1% /var/lib/kubelet/pods/73ad770e-6336-4c68-917c-5b64d31f77a6/volumes/kubernetes.io~projected/kube-api-access-245c9
shm                                 64M     0   64M   0% /run/containerd/io.containerd.grpc.v1.cri/sandboxes/12ba2dac49b291cd8383075580e375713dffa6369f265aab47bac7b08e0da9b1/shm
overlay                             61G   22G   37G  38% /run/containerd/io.containerd.runtime.v2.task/k8s.io/12ba2dac49b291cd8383075580e375713dffa6369f265aab47bac7b08e0da9b1/rootfs
shm                                 64M     0   64M   0% /run/containerd/io.containerd.grpc.v1.cri/sandboxes/23336ff4099bf005567a33bbc57cf026847f56d30eafb2fc69cbfe06939a45d6/shm
overlay                             61G   22G   37G  38% /run/containerd/io.containerd.runtime.v2.task/k8s.io/23336ff4099bf005567a33bbc57cf026847f56d30eafb2fc69cbfe06939a45d6/rootfs
shm                                 64M     0   64M   0% /run/containerd/io.containerd.grpc.v1.cri/sandboxes/d738f26dd3455493cf6bf52c38265e43d334f972b040ea5611d3fc515f4f7ab2/shm
overlay                             61G   22G   37G  38% /run/containerd/io.containerd.runtime.v2.task/k8s.io/d738f26dd3455493cf6bf52c38265e43d334f972b040ea5611d3fc515f4f7ab2/rootfs
overlay                             61G   22G   37G  38% /run/containerd/io.containerd.runtime.v2.task/k8s.io/fd5606da242b812d9f6217137164063c83a8df7b4f3cc9bebbc4414d4ba4cb62/rootfs
overlay                             61G   22G   37G  38% /run/containerd/io.containerd.runtime.v2.task/k8s.io/378bb84151ea4cf5528c91abf9831d3ed9784ca38ddd07fcef2a8beb429c6d5e/rootfs
shm                                 64M     0   64M   0% /run/containerd/io.containerd.grpc.v1.cri/sandboxes/1bf2bec638890b92881b997e068763c90e9ca417da2462a66aeeb3748dffa553/shm
overlay                             61G   22G   37G  38% /run/containerd/io.containerd.runtime.v2.task/k8s.io/1bf2bec638890b92881b997e068763c90e9ca417da2462a66aeeb3748dffa553/rootfs
overlay                             61G   22G   37G  38% /run/containerd/io.containerd.runtime.v2.task/k8s.io/b4309e6f2387c129fed794d4e49aafcf640dd1b501946b68fafa7e35dcd8e08d/rootfs
shm                                 64M     0   64M   0% /run/containerd/io.containerd.grpc.v1.cri/sandboxes/08fc867429cb8aa8b2d35144c4b1edd4e8f4ce9dd3a610d661f252c4b36a1d74/shm
overlay                             61G   22G   37G  38% /run/containerd/io.containerd.runtime.v2.task/k8s.io/08fc867429cb8aa8b2d35144c4b1edd4e8f4ce9dd3a610d661f252c4b36a1d74/rootfs
overlay                             61G   22G   37G  38% /run/containerd/io.containerd.runtime.v2.task/k8s.io/86f1a3dedbe5896d0af71e796e472284c441cfb6e6fc232a3f985922bc8ea456/rootfs
overlay                             61G   22G   37G  38% /run/containerd/io.containerd.runtime.v2.task/k8s.io/50878e9b33bf6472afbe06c8ec0eae5f4d28c551b2341f8ceb90acdd54f3c024/rootfs
tmpfs                              298M   12K  298M   1% /run/user/1001

--- FAILED SERVICES ---
  UNIT LOAD ACTIVE SUB DESCRIPTION

0 loaded units listed.

--- CRITICAL LOGS (journalctl -p 3) ---
-- No entries --

--- PENDING UPDATES ---
No pending updates

--- RECENT FAILED SSH LOGINS ---
-- No entries --
