============== DAILY SYSTEM HEALTH REPORT ======================
Host:        dev-svr02
IP Address:  192.168.0.184
Date:        2025-11-05 15:20:17
================================================================

--- UPTIME / USERS ---
 15:20:21 up 4 days, 22:59,  1 user,  load average: 0.00, 0.01, 0.00
ansbl-user pts/0        2025-11-05 15:20 (192.168.0.186)
ansbl-user pts/1        2025-11-05 15:20 (192.168.0.186)

--- MEMORY USAGE ---
               total        used        free      shared  buff/cache   available
Mem:           3.8Gi       429Mi       2.9Gi       1.0Mi       740Mi       3.4Gi
Swap:          3.8Gi          0B       3.8Gi

--- DISK USAGE ---
Filesystem                         Size  Used Avail Use% Mounted on
tmpfs                              392M  992K  391M   1% /run
/dev/mapper/ubuntu--vg-ubuntu--lv   30G  6.5G   22G  24% /
tmpfs                              2.0G     0  2.0G   0% /dev/shm
tmpfs                              5.0M     0  5.0M   0% /run/lock
/dev/sda2                          2.0G  102M  1.7G   6% /boot
tmpfs                              392M   12K  392M   1% /run/user/1001

--- FAILED SERVICES ---
  UNIT LOAD ACTIVE SUB DESCRIPTION

0 loaded units listed.

--- CRITICAL LOGS (journalctl -p 3) ---
-- No entries --

--- PENDING UPDATES ---
No pending updates

--- RECENT FAILED SSH LOGINS ---
-- No entries --
