============== DAILY SYSTEM HEALTH REPORT ======================
Host:        mtg-webserver
IP Address:  192.168.0.120
Date:        2025-11-05 15:20:12
================================================================

--- UPTIME / USERS ---
 15:20:20 up 5 days, 19:36,  1 user,  load average: 0.08, 0.05, 0.03
ansbl-user pts/0        2025-11-05 15:20 (192.168.0.186)
ansbl-user pts/1        2025-11-05 15:20 (192.168.0.186)

--- MEMORY USAGE ---
               total        used        free      shared  buff/cache   available
Mem:           1.9Gi       481Mi       319Mi       3.6Mi       1.3Gi       1.5Gi
Swap:          2.0Gi        12Ki       2.0Gi

--- DISK USAGE ---
Filesystem                         Size  Used Avail Use% Mounted on
tmpfs                              197M  1.1M  196M   1% /run
/dev/mapper/ubuntu--vg-ubuntu--lv   30G  6.6G   22G  24% /
tmpfs                              984M     0  984M   0% /dev/shm
tmpfs                              5.0M     0  5.0M   0% /run/lock
/dev/sda2                          2.0G  197M  1.6G  11% /boot
overlay                             30G  6.6G   22G  24% /var/lib/docker/overlay2/be0ebd126ecf0eb04e972dd0cb61daecc71e07c0dcd8c1ac4e89aa92122b36db/merged
tmpfs                              197M   12K  197M   1% /run/user/1001

--- FAILED SERVICES ---
  UNIT LOAD ACTIVE SUB DESCRIPTION

0 loaded units listed.

--- CRITICAL LOGS (journalctl -p 3) ---
-- No entries --

--- PENDING UPDATES ---
No pending updates

--- RECENT FAILED SSH LOGINS ---
-- No entries --
