============== DAILY SYSTEM HEALTH REPORT ======================
Host:        ubred2
IP Address:  192.168.0.108
Date:        2025-11-05 15:20:15
================================================================

--- UPTIME / USERS ---
 15:20:20 up 5 days, 19:33,  1 user,  load average: 0.00, 0.03, 0.00
ansbl-user pts/0        2025-11-05 15:20 (192.168.0.186)
ansbl-user pts/1        2025-11-05 15:20 (192.168.0.186)

--- MEMORY USAGE ---
               total        used        free      shared  buff/cache   available
Mem:           961Mi       332Mi       225Mi       988Ki       556Mi       628Mi
Swap:          2.0Gi       268Ki       2.0Gi

--- DISK USAGE ---
Filesystem                         Size  Used Avail Use% Mounted on
tmpfs                               97M  988K   96M   2% /run
/dev/mapper/ubuntu--vg-ubuntu--lv   30G  5.5G   23G  20% /
tmpfs                              481M     0  481M   0% /dev/shm
tmpfs                              5.0M     0  5.0M   0% /run/lock
/dev/sda2                          2.0G  197M  1.6G  11% /boot
tmpfs                               97M   12K   97M   1% /run/user/1001

--- FAILED SERVICES ---
  UNIT LOAD ACTIVE SUB DESCRIPTION

0 loaded units listed.

--- CRITICAL LOGS (journalctl -p 3) ---
-- No entries --

--- PENDING UPDATES ---
No pending updates

--- RECENT FAILED SSH LOGINS ---
-- No entries --
