============== DAILY SYSTEM HEALTH REPORT ======================
Host:        db-svr02
IP Address:  192.168.0.12
Date:        2025-11-05 08:20:16
================================================================

--- UPTIME / USERS ---
 08:20:21 up 5 days, 19:31,  1 user,  load average: 0.08, 0.03, 0.01
ansbl-user sshd         2025-11-05 08:20 (192.168.0.186)

--- MEMORY USAGE ---
               total        used        free      shared  buff/cache   available
Mem:           1.9Gi       889Mi       362Mi       732Ki       869Mi       1.1Gi
Swap:          1.6Gi          0B       1.6Gi

--- DISK USAGE ---
Filesystem                      Size  Used Avail Use% Mounted on
udev                            959M     0  959M   0% /dev
tmpfs                           198M  600K  197M   1% /run
/dev/mapper/db--svr02--vg-root   29G  3.8G   24G  14% /
tmpfs                           987M     0  987M   0% /dev/shm
tmpfs                           5.0M     0  5.0M   0% /run/lock
tmpfs                           1.0M     0  1.0M   0% /run/credentials/systemd-journald.service
tmpfs                           987M  124K  987M   1% /tmp
/dev/sda1                       943M  136M  743M  16% /boot
overlay                          29G  3.8G   24G  14% /var/lib/docker/overlay2/d4c7d611b4afece1e06d4a760198aa27691eb942d29abe1527c1cc212a7431d7/merged
tmpfs                           1.0M     0  1.0M   0% /run/credentials/getty@tty1.service
tmpfs                           198M  8.0K  198M   1% /run/user/1001

--- FAILED SERVICES ---
  UNIT LOAD ACTIVE SUB DESCRIPTION

0 loaded units listed.

--- CRITICAL LOGS (journalctl -p 3) ---
-- No entries --

--- PENDING UPDATES ---
No pending updates

--- RECENT FAILED SSH LOGINS ---
-- No entries --
