============== DAILY SYSTEM HEALTH REPORT ======================
Host:        db-svr01
IP Address:  192.168.0.172
Date:        2025-11-05 08:20:15
================================================================

--- UPTIME / USERS ---
 08:20:20 up 5 days, 19:31,  1 user,  load average: 0.05, 0.06, 0.02
ansbl-user sshd         2025-11-05 08:20 (192.168.0.186)

--- MEMORY USAGE ---
               total        used        free      shared  buff/cache   available
Mem:           1.9Gi       862Mi       382Mi       732Ki       877Mi       1.1Gi
Swap:          1.6Gi          0B       1.6Gi

--- DISK USAGE ---
Filesystem                      Size  Used Avail Use% Mounted on
udev                            959M     0  959M   0% /dev
tmpfs                           198M  600K  197M   1% /run
/dev/mapper/db--svr01--vg-root   29G  5.3G   23G  20% /
tmpfs                           987M     0  987M   0% /dev/shm
tmpfs                           1.0M     0  1.0M   0% /run/credentials/systemd-journald.service
tmpfs                           5.0M     0  5.0M   0% /run/lock
tmpfs                           987M  124K  987M   1% /tmp
/dev/sda1                       943M  136M  743M  16% /boot
tmpfs                           1.0M     0  1.0M   0% /run/credentials/getty@tty1.service
overlay                          29G  5.3G   23G  20% /var/lib/docker/overlay2/d96cdd9269b6f953d1c33685c9983a7bd2eb71362669f93f0e1de334208b8f10/merged
tmpfs                           198M  8.0K  198M   1% /run/user/1001

--- FAILED SERVICES ---
  UNIT LOAD ACTIVE SUB DESCRIPTION

0 loaded units listed.

--- CRITICAL LOGS (journalctl -p 3) ---
-- No entries --

--- PENDING UPDATES ---
No pending updates

--- RECENT FAILED SSH LOGINS ---
-- No entries --
